<?xml version="1.0" encoding="utf-8"?><testsuites name="pytest tests"><testsuite name="pytest" errors="0" failures="0" skipped="0" tests="26" time="5.977" timestamp="2026-09-12T00:59:22.180289+05:30" hostname="Amen"><testcase classname="tests.golden.test_robbery051" name="test_rejected_knife_trace" time="0.004" /><testcase classname="tests.integration.test_api" name="test_atomic_human_review" time="0.054" /><testcase classname="tests.integration.test_api" name="test_guard_and_paths" time="0.059" /><testcase classname="tests.integration.test_api" name="test_registered_research_video_preview" time="0.144" /><testcase classname="tests.integration.test_api" name="test_annotation_validation_and_independence" time="0.082" /><testcase classname="tests.integration.test_api" name="test_socket_trace" time="0.190" /><testcase classname="tests.unit.test_critic" name="test_rejected[A person is holding a knife.-kwargs0-no_supporting_detection]" time="0.001" /><testcase classname="tests.unit.test_critic" name="test_rejected[3 people are visible.-kwargs1-count_mismatch]" time="0.001" /><testcase classname="tests.unit.test_critic" name="test_rejected[2 people are visible.-kwargs2-outside_window]" time="0.001" /><testcase classname="tests.unit.test_critic" name="test_rejected[A knife is visible.-kwargs3-no_supporting_detection]" time="0.001" /><testcase classname="tests.unit.test_critic" name="test_uncheckable_prose_never_verified[The person intends to steal the bag.]" time="0.001" /><testcase classname="tests.unit.test_critic" name="test_uncheckable_prose_never_verified[A person is running.]" time="0.001" /><testcase classname="tests.unit.test_critic" name="test_uncheckable_prose_never_verified[The person is innocent.]" time="0.001" /><testcase classname="tests.unit.test_critic" name="test_uncheckable_prose_never_verified[A person attacked another person.]" time="0.001" /><testcase classname="tests.unit.test_critic" name="test_empty_and_no_new_claims" time="0.000" /><testcase classname="tests.unit.test_critic" name="test_synonym_and_time_local_support" time="0.001" /><testcase classname="tests.unit.test_critic" name="test_rejected_does_not_change_severity" time="0.015" /><testcase classname="tests.unit.test_critic" name="test_vlm_schema_forbids_downstream_fields[payload0]" time="0.001" /><testcase classname="tests.unit.test_critic" name="test_vlm_schema_forbids_downstream_fields[payload1]" time="0.001" /><testcase classname="tests.unit.test_critic" name="test_vlm_schema_forbids_downstream_fields[payload2]" time="0.001" /><testcase classname="tests.unit.test_critic" name="test_duplicate_claims_invalid" time="0.000" /><testcase classname="tests.unit.test_critic" name="test_policy_strips_and_deduplicates" time="0.000" /><testcase classname="tests.unit.test_training" name="test_metrics" time="0.020" /><testcase classname="tests.unit.test_training" name="test_bounded_json_retry" time="0.000" /><testcase classname="tests.unit.test_training" name="test_temporal_model_backward" time="2.613" /><testcase classname="tests.unit.test_training" name="test_constrained_severity_fit" time="0.101" /></testsuite></testsuites>